=== [1] Load cohort and feature matrices ===
  Main cohort (n=349), All (n=702)

=== [2] Feature selection ===
  quanTIseq features: 10 (immune cells, excl. uncharacterized)
  ssGSEA features: 19 (immune-relevant)
  Shared samples: 702
  Final feature matrix: 29 features x 702 samples (z-scored)

=== [3] Consensus clustering — MAIN cohort (n=349) ===
  Available main cohort samples: 349 / 349
end fraction
clustered
clustered
clustered
clustered
clustered

  PAC (Proportion of Ambiguous Clustering) by k:
  k       PAC
1 2 0.0597273
2 3 0.4187663
3 4 0.2091855
4 5 0.3350624
5 6 0.3320818

  Silhouette width by k:
  k silhouette
1 2  0.9684007
2 3  0.8331789
3 4  0.8745417
4 5  0.6358040
5 6  0.5808832

  Best PAC at k = 2; Best silhouette at k = 2
  Pre-specified hypothesis: k = 3

=== [4] Annotate ecotypes (k=3) ===

  Per-cluster mean (z-score) of key features:
  cluster QTS_B_cell QTS_Macrophage_M1 QTS_Macrophage_M2 QTS_Monocyte
1       1       0.01             -0.48             -0.73         0.38
2       2      -0.12             -0.36             -0.37         0.11
3       3       0.70              0.67              0.76         0.27
  QTS_Neutrophil QTS_NK_cell QTS_T_cell_CD4_non_regulatory_ QTS_T_cell_CD8_
1          -0.10       -0.25                          -0.17           -0.05
2          -0.09       -0.03                           0.03           -0.04
3           0.38        0.75                           0.77            0.05
  QTS_T_cell_regulatory_Tregs_ QTS_Myeloid_dendritic_cell
1                        -0.27                      -0.72
2                        -0.06                      -0.14
3                         0.70                       0.15
  SS_Microglia_Klemm2020 SS_MDM_Klemm2020 SS_MgTAM_Antunes2021
1                  -1.30            -1.50                -1.31
2                  -0.55            -0.21                -0.55
3                   0.29             0.78                 0.33
  SS_MoTAM_Antunes2021 SS_MHC_Class_I SS_MHC_Class_II SS_IFN_Gamma_Response
1                -1.51          -1.34           -1.68                 -1.23
2                -0.07          -0.16           -0.37                 -0.15
3                 0.85           0.34            0.32                  0.93
  SS_IFN_Alpha_Response SS_T_Cell_Cytotoxicity SS_T_Cell_Exhaustion
1                 -1.01                  -1.53                -1.33
2                 -0.04                  -0.23                -0.35
3                  0.71                   0.88                 0.89
  SS_Chemokine_T_Cell_Recruitment SS_TGFb_Immunosuppression SS_M1_Macrophage
1                           -1.62                     -1.37            -1.36
2                           -0.29                     -0.35            -0.13
3                            0.77                      1.08             1.08
  SS_M2_Macrophage SS_Glioma_Inflammatory_Wang2017 SS_NK_Cell_Activity
1            -1.41                           -1.48               -1.34
2            -0.40                           -0.16               -0.04
3             0.74                            0.86                0.89
  SS_Tregs_Friebel2020 SS_Dendritic_Cell_Activation SS_Neutrophil_Activation
1                -1.21                        -1.30                    -1.29
2                -0.27                        -0.20                    -0.02
3                 1.06                         0.86                     1.04

  Cluster 3 -> Lymphocyte-inflamed
  Cluster 3 -> Myeloid-dominant
  Cluster 1 -> Immune-desert

=== [5] PCA + UMAP ===

=== [6] Association tests ===

  Ecotype x cohort_group:
                  
                   DHG_G34 DMG_K27 IHG pHGG_WT
  Immune-desert         16      27   4      32
  Myeloid-dominant       3      64   6      40
  Fisher's exact (simulated) p = 3.00e-04

  Ecotype x location_class (excluding Ambiguous/Other):
                  
                   Hemispheric Midline Posterior_fossa
  Immune-desert             34      22               3
  Myeloid-dominant          26      58               5
  Fisher's exact (simulated) p = 1.70e-03

  Ecotype x age_dev_group:
                  
                      adolescent child infant young_child
  Immune-desert    14         21    33      4           7
  Myeloid-dominant  6         26    56      8          17
  Fisher's exact (simulated) p = 5.61e-02

=== [7] Heatmap ===
null device 
          1 
  Wrote ecotype_heatmap_main.png
null device 
          1 
  Wrote ecotype_pca_main.png
null device 
          1 
  Wrote ecotype_umap_main.png
null device 
          1 
  Wrote ecotype_distribution_by_cohort.png
null device 
          1 
  Wrote ecotype_distribution_by_location.png

All outputs written to:
C:/Users/scott/Downloads/Open PBTA/output
Figures to:
C:/Users/scott/Downloads/Open PBTA/output/figs_clustering

Done.
